mode: set
github.com/iamraydoan/factoryos/platform/edge-runtime/main.go:20.115,21.35 1 1
github.com/iamraydoan/factoryos/platform/edge-runtime/main.go:21.35,23.3 1 1
github.com/iamraydoan/factoryos/platform/edge-runtime/main.go:24.2,24.12 1 1
github.com/iamraydoan/factoryos/platform/edge-runtime/main.go:28.52,31.16 3 1
github.com/iamraydoan/factoryos/platform/edge-runtime/main.go:31.16,33.3 1 1
github.com/iamraydoan/factoryos/platform/edge-runtime/main.go:35.2,40.12 4 1
github.com/iamraydoan/factoryos/platform/edge-runtime/main.go:43.13,47.18 3 0
github.com/iamraydoan/factoryos/platform/edge-runtime/main.go:47.18,49.3 1 0
github.com/iamraydoan/factoryos/platform/edge-runtime/main.go:51.2,54.41 3 0
github.com/iamraydoan/factoryos/platform/edge-runtime/main.go:54.41,56.3 1 0
github.com/iamraydoan/factoryos/platform/edge-runtime/main.go:58.2,64.67 5 0
github.com/iamraydoan/factoryos/platform/edge-runtime/buffer/sqlite_buffer.go:34.60,36.16 2 1
github.com/iamraydoan/factoryos/platform/edge-runtime/buffer/sqlite_buffer.go:36.16,38.3 1 0
github.com/iamraydoan/factoryos/platform/edge-runtime/buffer/sqlite_buffer.go:41.2,41.63 1 1
github.com/iamraydoan/factoryos/platform/edge-runtime/buffer/sqlite_buffer.go:41.64,43.3 0 1
github.com/iamraydoan/factoryos/platform/edge-runtime/buffer/sqlite_buffer.go:45.2,46.41 2 1
github.com/iamraydoan/factoryos/platform/edge-runtime/buffer/sqlite_buffer.go:46.41,49.3 2 1
github.com/iamraydoan/factoryos/platform/edge-runtime/buffer/sqlite_buffer.go:51.2,51.17 1 1
github.com/iamraydoan/factoryos/platform/edge-runtime/buffer/sqlite_buffer.go:54.43,68.2 3 1
github.com/iamraydoan/factoryos/platform/edge-runtime/buffer/sqlite_buffer.go:71.107,75.34 3 1
github.com/iamraydoan/factoryos/platform/edge-runtime/buffer/sqlite_buffer.go:75.34,77.3 1 1
github.com/iamraydoan/factoryos/platform/edge-runtime/buffer/sqlite_buffer.go:79.2,80.16 2 1
github.com/iamraydoan/factoryos/platform/edge-runtime/buffer/sqlite_buffer.go:80.16,82.3 1 0
github.com/iamraydoan/factoryos/platform/edge-runtime/buffer/sqlite_buffer.go:84.2,86.16 3 1
github.com/iamraydoan/factoryos/platform/edge-runtime/buffer/sqlite_buffer.go:86.16,88.3 1 1
github.com/iamraydoan/factoryos/platform/edge-runtime/buffer/sqlite_buffer.go:90.2,91.16 2 1
github.com/iamraydoan/factoryos/platform/edge-runtime/buffer/sqlite_buffer.go:91.16,93.3 1 0
github.com/iamraydoan/factoryos/platform/edge-runtime/buffer/sqlite_buffer.go:95.2,95.16 1 1
github.com/iamraydoan/factoryos/platform/edge-runtime/buffer/sqlite_buffer.go:99.87,105.16 5 1
github.com/iamraydoan/factoryos/platform/edge-runtime/buffer/sqlite_buffer.go:105.16,107.3 1 1
github.com/iamraydoan/factoryos/platform/edge-runtime/buffer/sqlite_buffer.go:108.2,111.18 3 1
github.com/iamraydoan/factoryos/platform/edge-runtime/buffer/sqlite_buffer.go:111.18,113.131 2 1
github.com/iamraydoan/factoryos/platform/edge-runtime/buffer/sqlite_buffer.go:113.131,115.4 1 0
github.com/iamraydoan/factoryos/platform/edge-runtime/buffer/sqlite_buffer.go:116.3,116.33 1 1
github.com/iamraydoan/factoryos/platform/edge-runtime/buffer/sqlite_buffer.go:119.2,119.28 1 1
github.com/iamraydoan/factoryos/platform/edge-runtime/buffer/sqlite_buffer.go:123.73,124.19 1 1
github.com/iamraydoan/factoryos/platform/edge-runtime/buffer/sqlite_buffer.go:124.19,126.3 1 1
github.com/iamraydoan/factoryos/platform/edge-runtime/buffer/sqlite_buffer.go:128.2,132.16 4 1
github.com/iamraydoan/factoryos/platform/edge-runtime/buffer/sqlite_buffer.go:132.16,134.3 1 1
github.com/iamraydoan/factoryos/platform/edge-runtime/buffer/sqlite_buffer.go:135.2,138.16 3 1
github.com/iamraydoan/factoryos/platform/edge-runtime/buffer/sqlite_buffer.go:138.16,140.3 1 0
github.com/iamraydoan/factoryos/platform/edge-runtime/buffer/sqlite_buffer.go:141.2,143.25 2 1
github.com/iamraydoan/factoryos/platform/edge-runtime/buffer/sqlite_buffer.go:143.25,144.54 1 1
github.com/iamraydoan/factoryos/platform/edge-runtime/buffer/sqlite_buffer.go:144.54,146.4 1 0
github.com/iamraydoan/factoryos/platform/edge-runtime/buffer/sqlite_buffer.go:149.2,149.20 1 1
github.com/iamraydoan/factoryos/platform/edge-runtime/buffer/sqlite_buffer.go:153.84,154.19 1 1
github.com/iamraydoan/factoryos/platform/edge-runtime/buffer/sqlite_buffer.go:154.19,156.3 1 1
github.com/iamraydoan/factoryos/platform/edge-runtime/buffer/sqlite_buffer.go:158.2,162.16 4 1
github.com/iamraydoan/factoryos/platform/edge-runtime/buffer/sqlite_buffer.go:162.16,164.3 1 1
github.com/iamraydoan/factoryos/platform/edge-runtime/buffer/sqlite_buffer.go:165.2,168.16 3 1
github.com/iamraydoan/factoryos/platform/edge-runtime/buffer/sqlite_buffer.go:168.16,170.3 1 0
github.com/iamraydoan/factoryos/platform/edge-runtime/buffer/sqlite_buffer.go:171.2,173.25 2 1
github.com/iamraydoan/factoryos/platform/edge-runtime/buffer/sqlite_buffer.go:173.25,174.54 1 1
github.com/iamraydoan/factoryos/platform/edge-runtime/buffer/sqlite_buffer.go:174.54,176.4 1 0
github.com/iamraydoan/factoryos/platform/edge-runtime/buffer/sqlite_buffer.go:179.2,179.20 1 1
github.com/iamraydoan/factoryos/platform/edge-runtime/buffer/sqlite_buffer.go:183.76,189.41 5 1
github.com/iamraydoan/factoryos/platform/edge-runtime/buffer/sqlite_buffer.go:189.41,191.3 1 1
github.com/iamraydoan/factoryos/platform/edge-runtime/buffer/sqlite_buffer.go:192.2,192.19 1 1
github.com/iamraydoan/factoryos/platform/edge-runtime/buffer/sqlite_buffer.go:196.38,198.2 1 1
github.com/iamraydoan/factoryos/platform/edge-runtime/collector/collector.go:28.94,33.2 1 1
github.com/iamraydoan/factoryos/platform/edge-runtime/collector/collector.go:36.144,50.2 3 1
github.com/iamraydoan/factoryos/platform/edge-runtime/collector/collector.go:53.122,55.40 2 1
github.com/iamraydoan/factoryos/platform/edge-runtime/collector/collector.go:55.40,61.3 1 1
github.com/iamraydoan/factoryos/platform/edge-runtime/collector/collector.go:63.2,70.12 3 1
github.com/iamraydoan/factoryos/platform/edge-runtime/collector/collector.go:74.86,76.16 2 1
github.com/iamraydoan/factoryos/platform/edge-runtime/collector/collector.go:76.16,78.3 1 1
github.com/iamraydoan/factoryos/platform/edge-runtime/collector/collector.go:80.2,80.23 1 1
github.com/iamraydoan/factoryos/platform/edge-runtime/collector/collector.go:80.23,82.3 1 1
github.com/iamraydoan/factoryos/platform/edge-runtime/collector/collector.go:84.2,87.30 3 1
github.com/iamraydoan/factoryos/platform/edge-runtime/collector/collector.go:87.30,89.69 2 1
github.com/iamraydoan/factoryos/platform/edge-runtime/collector/collector.go:89.69,91.12 2 0
github.com/iamraydoan/factoryos/platform/edge-runtime/collector/collector.go:93.3,94.40 2 1
github.com/iamraydoan/factoryos/platform/edge-runtime/collector/collector.go:97.2,97.24 1 1
github.com/iamraydoan/factoryos/platform/edge-runtime/collector/collector.go:97.24,99.3 1 0
github.com/iamraydoan/factoryos/platform/edge-runtime/collector/collector.go:102.2,102.64 1 1
github.com/iamraydoan/factoryos/platform/edge-runtime/collector/collector.go:102.64,106.3 2 1
github.com/iamraydoan/factoryos/platform/edge-runtime/collector/collector.go:109.2,109.58 1 1
github.com/iamraydoan/factoryos/platform/edge-runtime/collector/collector.go:109.58,111.3 1 0
github.com/iamraydoan/factoryos/platform/edge-runtime/collector/collector.go:113.2,113.27 1 1
github.com/iamraydoan/factoryos/platform/edge-runtime/collector/collector.go:117.107,121.6 3 1
github.com/iamraydoan/factoryos/platform/edge-runtime/collector/collector.go:121.6,122.10 1 1
github.com/iamraydoan/factoryos/platform/edge-runtime/collector/collector.go:123.21,125.10 2 1
github.com/iamraydoan/factoryos/platform/edge-runtime/collector/collector.go:126.19,128.18 2 1
github.com/iamraydoan/factoryos/platform/edge-runtime/collector/collector.go:128.18,130.5 1 1
github.com/iamraydoan/factoryos/platform/edge-runtime/collector/collector.go:130.10,130.28 1 1
github.com/iamraydoan/factoryos/platform/edge-runtime/collector/collector.go:130.28,132.5 1 1
